
   FAIL  Tests\Feature\Helpdesk\TicketTest
  Γ¿» admin can list all tickets
  Γ¿» non admin cannot list tickets
  Γ¿» unauthenticated user cannot list tickets
  Γ¿» can filter tickets by project
  Γ¿» can filter tickets by status
  Γ¿» can filter tickets by assignee
  Γ¿» can search tickets
  Γ¿» admin can create ticket
  Γ¿» create ticket applies project defaults
  Γ¿» create ticket with explicit status priority type
  Γ¿» create ticket with assignee
  Γ¿» create ticket with custom submitter info
  Γ¿» create ticket with submitter user
  Γ¿» create ticket with time estimate
  Γ¿» create ticket requires project
  Γ¿» create ticket requires title
  Γ¿» create ticket requires content
  Γ¿» non admin cannot create ticket
  Γ¿» admin can view ticket
  Γ¿» non admin cannot view ticket
  Γ¿» view nonexistent ticket returns 404
  Γ¿» admin can update ticket
  Γ¿» update ticket status logs activity
  Γ¿» update ticket assignee logs activity
  Γ¿» update ticket priority
  Γ¿» update ticket with time estimate
  Γ¿» non admin cannot update ticket
  Γ¿» admin can delete ticket
  Γ¿» non admin cannot delete ticket
  Γ¿» tickets pagination
  Γ¿» ticket number is unique per project
  Γ¿» ticket uses current user as default submitter
  ΓöÇΓöÇΓöÇΓöÇΓöÇΓöÇΓöÇΓöÇΓöÇΓöÇΓöÇΓöÇΓöÇΓöÇΓöÇΓöÇΓöÇΓöÇΓöÇΓöÇΓöÇΓöÇΓöÇΓöÇΓöÇΓöÇΓöÇΓöÇΓöÇΓöÇΓöÇΓöÇΓöÇΓöÇΓöÇΓöÇΓöÇΓöÇΓöÇΓöÇΓöÇΓöÇΓöÇΓöÇΓöÇΓöÇΓöÇΓöÇΓöÇΓöÇΓöÇΓöÇΓöÇΓöÇΓöÇΓöÇΓöÇΓöÇΓöÇΓöÇΓöÇΓöÇΓöÇΓöÇΓöÇΓöÇΓöÇΓöÇΓöÇΓöÇΓöÇΓöÇΓöÇΓöÇΓöÇΓöÇΓöÇΓöÇΓöÇΓöÇΓöÇΓöÇΓöÇΓöÇΓöÇΓöÇΓöÇΓöÇΓöÇΓöÇΓöÇΓöÇΓöÇΓöÇΓöÇΓöÇΓöÇΓöÇΓöÇΓöÇΓöÇΓöÇΓöÇΓöÇΓöÇΓöÇΓöÇΓöÇΓöÇΓöÇΓöÇ  
   FAILED  Tests\Feature\Helpdesk\TicketTest > admin can list all tickets                         QueryException   
  SQLSTATE[42S22]: Column not found: 1054 Unknown column 'name' in 'field list' (Connection: mysql, SQL: insert into `helpdesk_ticket_statuses` (`title`, `slug`, `text_color`, `bg_color`, `project_id`, `name`, `updated_at`, `created_at`) values (asperiores, open, #ffffff, #fd0971, 1, Open, 2026-01-25 05:00:34, 2026-01-25 05:00:34))

  at vendor\laravel\framework\src\Illuminate\Database\Connection.php:826
    822Γûò                     $this->getName(), $query, $this->prepareBindings($bindings), $e
    823Γûò                 );
    824Γûò             }
    825Γûò 
  Γ₧£ 826Γûò             throw new QueryException(
    827Γûò                 $this->getName(), $query, $this->prepareBindings($bindings), $e
    828Γûò             );
    829Γûò         }
    830Γûò     }

  1   vendor\laravel\framework\src\Illuminate\Database\Connection.php:826

  2   vendor\laravel\framework\src\Illuminate\Database\MySqlConnection.php:47
      NunoMaduro\Collision\Exceptions\TestException::("SQLSTATE[42S22]: Column not found: 1054 Unknown column 'name' in 'field list'")

  ΓöÇΓöÇΓöÇΓöÇΓöÇΓöÇΓöÇΓöÇΓöÇΓöÇΓöÇΓöÇΓöÇΓöÇΓöÇΓöÇΓöÇΓöÇΓöÇΓöÇΓöÇΓöÇΓöÇΓöÇΓöÇΓöÇΓöÇΓöÇΓöÇΓöÇΓöÇΓöÇΓöÇΓöÇΓöÇΓöÇΓöÇΓöÇΓöÇΓöÇΓöÇΓöÇΓöÇΓöÇΓöÇΓöÇΓöÇΓöÇΓöÇΓöÇΓöÇΓöÇΓöÇΓöÇΓöÇΓöÇΓöÇΓöÇΓöÇΓöÇΓöÇΓöÇΓöÇΓöÇΓöÇΓöÇΓöÇΓöÇΓöÇΓöÇΓöÇΓöÇΓöÇΓöÇΓöÇΓöÇΓöÇΓöÇΓöÇΓöÇΓöÇΓöÇΓöÇΓöÇΓöÇΓöÇΓöÇΓöÇΓöÇΓöÇΓöÇΓöÇΓöÇΓöÇΓöÇΓöÇΓöÇΓöÇΓöÇΓöÇΓöÇΓöÇΓöÇΓöÇΓöÇΓöÇΓöÇΓöÇΓöÇΓöÇΓöÇ  
   FAILED  Tests\Feature\Helpdesk\TicketTest > non admin cannot list tickets                      QueryException   
  SQLSTATE[42S22]: Column not found: 1054 Unknown column 'name' in 'field list' (Connection: mysql, SQL: insert into `helpdesk_ticket_statuses` (`title`, `slug`, `text_color`, `bg_color`, `project_id`, `name`, `updated_at`, `created_at`) values (nihil, open, #ffffff, #f36ca1, 2, Open, 2026-01-25 05:00:34, 2026-01-25 05:00:34))

  at vendor\laravel\framework\src\Illuminate\Database\Connection.php:826
    822Γûò                     $this->getName(), $query, $this->prepareBindings($bindings), $e
    823Γûò                 );
    824Γûò             }
    825Γûò 
  Γ₧£ 826Γûò             throw new QueryException(
    827Γûò                 $this->getName(), $query, $this->prepareBindings($bindings), $e
    828Γûò             );
    829Γûò         }
    830Γûò     }

  1   vendor\laravel\framework\src\Illuminate\Database\Connection.php:826

  2   vendor\laravel\framework\src\Illuminate\Database\MySqlConnection.php:47
      NunoMaduro\Collision\Exceptions\TestException::("SQLSTATE[42S22]: Column not found: 1054 Unknown column 'name' in 'field list'")

  ΓöÇΓöÇΓöÇΓöÇΓöÇΓöÇΓöÇΓöÇΓöÇΓöÇΓöÇΓöÇΓöÇΓöÇΓöÇΓöÇΓöÇΓöÇΓöÇΓöÇΓöÇΓöÇΓöÇΓöÇΓöÇΓöÇΓöÇΓöÇΓöÇΓöÇΓöÇΓöÇΓöÇΓöÇΓöÇΓöÇΓöÇΓöÇΓöÇΓöÇΓöÇΓöÇΓöÇΓöÇΓöÇΓöÇΓöÇΓöÇΓöÇΓöÇΓöÇΓöÇΓöÇΓöÇΓöÇΓöÇΓöÇΓöÇΓöÇΓöÇΓöÇΓöÇΓöÇΓöÇΓöÇΓöÇΓöÇΓöÇΓöÇΓöÇΓöÇΓöÇΓöÇΓöÇΓöÇΓöÇΓöÇΓöÇΓöÇΓöÇΓöÇΓöÇΓöÇΓöÇΓöÇΓöÇΓöÇΓöÇΓöÇΓöÇΓöÇΓöÇΓöÇΓöÇΓöÇΓöÇΓöÇΓöÇΓöÇΓöÇΓöÇΓöÇΓöÇΓöÇΓöÇΓöÇΓöÇΓöÇΓöÇΓöÇΓöÇ  
   FAILED  Tests\Feature\Helpdesk\TicketTest > unauthenticated user cannot list tickets           QueryException   
  SQLSTATE[42S22]: Column not found: 1054 Unknown column 'name' in 'field list' (Connection: mysql, SQL: insert into `helpdesk_ticket_statuses` (`title`, `slug`, `text_color`, `bg_color`, `project_id`, `name`, `updated_at`, `created_at`) values (maxime, open, #ffffff, #0c29bc, 3, Open, 2026-01-25 05:00:34, 2026-01-25 05:00:34))

  at vendor\laravel\framework\src\Illuminate\Database\Connection.php:826
    822Γûò                     $this->getName(), $query, $this->prepareBindings($bindings), $e
    823Γûò                 );
    824Γûò             }
    825Γûò 
  Γ₧£ 826Γûò             throw new QueryException(
    827Γûò                 $this->getName(), $query, $this->prepareBindings($bindings), $e
    828Γûò             );
    829Γûò         }
    830Γûò     }

  1   vendor\laravel\framework\src\Illuminate\Database\Connection.php:826

  2   vendor\laravel\framework\src\Illuminate\Database\MySqlConnection.php:47
      NunoMaduro\Collision\Exceptions\TestException::("SQLSTATE[42S22]: Column not found: 1054 Unknown column 'name' in 'field list'")

  ΓöÇΓöÇΓöÇΓöÇΓöÇΓöÇΓöÇΓöÇΓöÇΓöÇΓöÇΓöÇΓöÇΓöÇΓöÇΓöÇΓöÇΓöÇΓöÇΓöÇΓöÇΓöÇΓöÇΓöÇΓöÇΓöÇΓöÇΓöÇΓöÇΓöÇΓöÇΓöÇΓöÇΓöÇΓöÇΓöÇΓöÇΓöÇΓöÇΓöÇΓöÇΓöÇΓöÇΓöÇΓöÇΓöÇΓöÇΓöÇΓöÇΓöÇΓöÇΓöÇΓöÇΓöÇΓöÇΓöÇΓöÇΓöÇΓöÇΓöÇΓöÇΓöÇΓöÇΓöÇΓöÇΓöÇΓöÇΓöÇΓöÇΓöÇΓöÇΓöÇΓöÇΓöÇΓöÇΓöÇΓöÇΓöÇΓöÇΓöÇΓöÇΓöÇΓöÇΓöÇΓöÇΓöÇΓöÇΓöÇΓöÇΓöÇΓöÇΓöÇΓöÇΓöÇΓöÇΓöÇΓöÇΓöÇΓöÇΓöÇΓöÇΓöÇΓöÇΓöÇΓöÇΓöÇΓöÇΓöÇΓöÇΓöÇΓöÇ  
   FAILED  Tests\Feature\Helpdesk\TicketTest > can filter tickets by project                      QueryException   
  SQLSTATE[42S22]: Column not found: 1054 Unknown column 'name' in 'field list' (Connection: mysql, SQL: insert into `helpdesk_ticket_statuses` (`title`, `slug`, `text_color`, `bg_color`, `project_id`, `name`, `updated_at`, `created_at`) values (rerum, open, #ffffff, #a0f4fe, 4, Open, 2026-01-25 05:00:34, 2026-01-25 05:00:34))

  at vendor\laravel\framework\src\Illuminate\Database\Connection.php:826
    822Γûò                     $this->getName(), $query, $this->prepareBindings($bindings), $e
    823Γûò                 );
    824Γûò             }
    825Γûò 
  Γ₧£ 826Γûò             throw new QueryException(
    827Γûò                 $this->getName(), $query, $this->prepareBindings($bindings), $e
    828Γûò             );
    829Γûò         }
    830Γûò     }

  1   vendor\laravel\framework\src\Illuminate\Database\Connection.php:826

  2   vendor\laravel\framework\src\Illuminate\Database\MySqlConnection.php:47
      NunoMaduro\Collision\Exceptions\TestException::("SQLSTATE[42S22]: Column not found: 1054 Unknown column 'name' in 'field list'")

  ΓöÇΓöÇΓöÇΓöÇΓöÇΓöÇΓöÇΓöÇΓöÇΓöÇΓöÇΓöÇΓöÇΓöÇΓöÇΓöÇΓöÇΓöÇΓöÇΓöÇΓöÇΓöÇΓöÇΓöÇΓöÇΓöÇΓöÇΓöÇΓöÇΓöÇΓöÇΓöÇΓöÇΓöÇΓöÇΓöÇΓöÇΓöÇΓöÇΓöÇΓöÇΓöÇΓöÇΓöÇΓöÇΓöÇΓöÇΓöÇΓöÇΓöÇΓöÇΓöÇΓöÇΓöÇΓöÇΓöÇΓöÇΓöÇΓöÇΓöÇΓöÇΓöÇΓöÇΓöÇΓöÇΓöÇΓöÇΓöÇΓöÇΓöÇΓöÇΓöÇΓöÇΓöÇΓöÇΓöÇΓöÇΓöÇΓöÇΓöÇΓöÇΓöÇΓöÇΓöÇΓöÇΓöÇΓöÇΓöÇΓöÇΓöÇΓöÇΓöÇΓöÇΓöÇΓöÇΓöÇΓöÇΓöÇΓöÇΓöÇΓöÇΓöÇΓöÇΓöÇΓöÇΓöÇΓöÇΓöÇΓöÇΓöÇΓöÇ  
   FAILED  Tests\Feature\Helpdesk\TicketTest > can filter tickets by status                       QueryException   
  SQLSTATE[42S22]: Column not found: 1054 Unknown column 'name' in 'field list' (Connection: mysql, SQL: insert into `helpdesk_ticket_statuses` (`title`, `slug`, `text_color`, `bg_color`, `project_id`, `name`, `updated_at`, `created_at`) values (velit, open, #ffffff, #c838da, 5, Open, 2026-01-25 05:00:34, 2026-01-25 05:00:34))

  at vendor\laravel\framework\src\Illuminate\Database\Connection.php:826
    822Γûò                     $this->getName(), $query, $this->prepareBindings($bindings), $e
    823Γûò                 );
    824Γûò             }
    825Γûò 
  Γ₧£ 826Γûò             throw new QueryException(
    827Γûò                 $this->getName(), $query, $this->prepareBindings($bindings), $e
    828Γûò             );
    829Γûò         }
    830Γûò     }

  1   vendor\laravel\framework\src\Illuminate\Database\Connection.php:826

  2   vendor\laravel\framework\src\Illuminate\Database\MySqlConnection.php:47
      NunoMaduro\Collision\Exceptions\TestException::("SQLSTATE[42S22]: Column not found: 1054 Unknown column 'name' in 'field list'")

  ΓöÇΓöÇΓöÇΓöÇΓöÇΓöÇΓöÇΓöÇΓöÇΓöÇΓöÇΓöÇΓöÇΓöÇΓöÇΓöÇΓöÇΓöÇΓöÇΓöÇΓöÇΓöÇΓöÇΓöÇΓöÇΓöÇΓöÇΓöÇΓöÇΓöÇΓöÇΓöÇΓöÇΓöÇΓöÇΓöÇΓöÇΓöÇΓöÇΓöÇΓöÇΓöÇΓöÇΓöÇΓöÇΓöÇΓöÇΓöÇΓöÇΓöÇΓöÇΓöÇΓöÇΓöÇΓöÇΓöÇΓöÇΓöÇΓöÇΓöÇΓöÇΓöÇΓöÇΓöÇΓöÇΓöÇΓöÇΓöÇΓöÇΓöÇΓöÇΓöÇΓöÇΓöÇΓöÇΓöÇΓöÇΓöÇΓöÇΓöÇΓöÇΓöÇΓöÇΓöÇΓöÇΓöÇΓöÇΓöÇΓöÇΓöÇΓöÇΓöÇΓöÇΓöÇΓöÇΓöÇΓöÇΓöÇΓöÇΓöÇΓöÇΓöÇΓöÇΓöÇΓöÇΓöÇΓöÇΓöÇΓöÇΓöÇΓöÇ  
   FAILED  Tests\Feature\Helpdesk\TicketTest > can filter tickets by assignee                     QueryException   
  SQLSTATE[42S22]: Column not found: 1054 Unknown column 'name' in 'field list' (Connection: mysql, SQL: insert into `helpdesk_ticket_statuses` (`title`, `slug`, `text_color`, `bg_color`, `project_id`, `name`, `updated_at`, `created_at`) values (cupiditate, open, #ffffff, #28c665, 6, Open, 2026-01-25 05:00:34, 2026-01-25 05:00:34))

  at vendor\laravel\framework\src\Illuminate\Database\Connection.php:826
    822Γûò                     $this->getName(), $query, $this->prepareBindings($bindings), $e
    823Γûò                 );
    824Γûò             }
    825Γûò 
  Γ₧£ 826Γûò             throw new QueryException(
    827Γûò                 $this->getName(), $query, $this->prepareBindings($bindings), $e
    828Γûò             );
    829Γûò         }
    830Γûò     }

  1   vendor\laravel\framework\src\Illuminate\Database\Connection.php:826

  2   vendor\laravel\framework\src\Illuminate\Database\MySqlConnection.php:47
      NunoMaduro\Collision\Exceptions\TestException::("SQLSTATE[42S22]: Column not found: 1054 Unknown column 'name' in 'field list'")

  ΓöÇΓöÇΓöÇΓöÇΓöÇΓöÇΓöÇΓöÇΓöÇΓöÇΓöÇΓöÇΓöÇΓöÇΓöÇΓöÇΓöÇΓöÇΓöÇΓöÇΓöÇΓöÇΓöÇΓöÇΓöÇΓöÇΓöÇΓöÇΓöÇΓöÇΓöÇΓöÇΓöÇΓöÇΓöÇΓöÇΓöÇΓöÇΓöÇΓöÇΓöÇΓöÇΓöÇΓöÇΓöÇΓöÇΓöÇΓöÇΓöÇΓöÇΓöÇΓöÇΓöÇΓöÇΓöÇΓöÇΓöÇΓöÇΓöÇΓöÇΓöÇΓöÇΓöÇΓöÇΓöÇΓöÇΓöÇΓöÇΓöÇΓöÇΓöÇΓöÇΓöÇΓöÇΓöÇΓöÇΓöÇΓöÇΓöÇΓöÇΓöÇΓöÇΓöÇΓöÇΓöÇΓöÇΓöÇΓöÇΓöÇΓöÇΓöÇΓöÇΓöÇΓöÇΓöÇΓöÇΓöÇΓöÇΓöÇΓöÇΓöÇΓöÇΓöÇΓöÇΓöÇΓöÇΓöÇΓöÇΓöÇΓöÇΓöÇ  
   FAILED  Tests\Feature\Helpdesk\TicketTest > can search tickets                                 QueryException   
  SQLSTATE[42S22]: Column not found: 1054 Unknown column 'name' in 'field list' (Connection: mysql, SQL: insert into `helpdesk_ticket_statuses` (`title`, `slug`, `text_color`, `bg_color`, `project_id`, `name`, `updated_at`, `created_at`) values (dicta, open, #ffffff, #ea9224, 7, Open, 2026-01-25 05:00:34, 2026-01-25 05:00:34))

  at vendor\laravel\framework\src\Illuminate\Database\Connection.php:826
    822Γûò                     $this->getName(), $query, $this->prepareBindings($bindings), $e
    823Γûò                 );
    824Γûò             }
    825Γûò 
  Γ₧£ 826Γûò             throw new QueryException(
    827Γûò                 $this->getName(), $query, $this->prepareBindings($bindings), $e
    828Γûò             );
    829Γûò         }
    830Γûò     }

  1   vendor\laravel\framework\src\Illuminate\Database\Connection.php:826

  2   vendor\laravel\framework\src\Illuminate\Database\MySqlConnection.php:47
      NunoMaduro\Collision\Exceptions\TestException::("SQLSTATE[42S22]: Column not found: 1054 Unknown column 'name' in 'field list'")

  ΓöÇΓöÇΓöÇΓöÇΓöÇΓöÇΓöÇΓöÇΓöÇΓöÇΓöÇΓöÇΓöÇΓöÇΓöÇΓöÇΓöÇΓöÇΓöÇΓöÇΓöÇΓöÇΓöÇΓöÇΓöÇΓöÇΓöÇΓöÇΓöÇΓöÇΓöÇΓöÇΓöÇΓöÇΓöÇΓöÇΓöÇΓöÇΓöÇΓöÇΓöÇΓöÇΓöÇΓöÇΓöÇΓöÇΓöÇΓöÇΓöÇΓöÇΓöÇΓöÇΓöÇΓöÇΓöÇΓöÇΓöÇΓöÇΓöÇΓöÇΓöÇΓöÇΓöÇΓöÇΓöÇΓöÇΓöÇΓöÇΓöÇΓöÇΓöÇΓöÇΓöÇΓöÇΓöÇΓöÇΓöÇΓöÇΓöÇΓöÇΓöÇΓöÇΓöÇΓöÇΓöÇΓöÇΓöÇΓöÇΓöÇΓöÇΓöÇΓöÇΓöÇΓöÇΓöÇΓöÇΓöÇΓöÇΓöÇΓöÇΓöÇΓöÇΓöÇΓöÇΓöÇΓöÇΓöÇΓöÇΓöÇΓöÇΓöÇ  
   FAILED  Tests\Feature\Helpdesk\TicketTest > admin can create ticket                            QueryException   
  SQLSTATE[42S22]: Column not found: 1054 Unknown column 'name' in 'field list' (Connection: mysql, SQL: insert into `helpdesk_ticket_statuses` (`title`, `slug`, `text_color`, `bg_color`, `project_id`, `name`, `updated_at`, `created_at`) values (aliquam, open, #ffffff, #10c919, 8, Open, 2026-01-25 05:00:35, 2026-01-25 05:00:35))

  at vendor\laravel\framework\src\Illuminate\Database\Connection.php:826
    822Γûò                     $this->getName(), $query, $this->prepareBindings($bindings), $e
    823Γûò                 );
    824Γûò             }
    825Γûò 
  Γ₧£ 826Γûò             throw new QueryException(
    827Γûò                 $this->getName(), $query, $this->prepareBindings($bindings), $e
    828Γûò             );
    829Γûò         }
    830Γûò     }

  1   vendor\laravel\framework\src\Illuminate\Database\Connection.php:826

  2   vendor\laravel\framework\src\Illuminate\Database\MySqlConnection.php:47
      NunoMaduro\Collision\Exceptions\TestException::("SQLSTATE[42S22]: Column not found: 1054 Unknown column 'name' in 'field list'")

  ΓöÇΓöÇΓöÇΓöÇΓöÇΓöÇΓöÇΓöÇΓöÇΓöÇΓöÇΓöÇΓöÇΓöÇΓöÇΓöÇΓöÇΓöÇΓöÇΓöÇΓöÇΓöÇΓöÇΓöÇΓöÇΓöÇΓöÇΓöÇΓöÇΓöÇΓöÇΓöÇΓöÇΓöÇΓöÇΓöÇΓöÇΓöÇΓöÇΓöÇΓöÇΓöÇΓöÇΓöÇΓöÇΓöÇΓöÇΓöÇΓöÇΓöÇΓöÇΓöÇΓöÇΓöÇΓöÇΓöÇΓöÇΓöÇΓöÇΓöÇΓöÇΓöÇΓöÇΓöÇΓöÇΓöÇΓöÇΓöÇΓöÇΓöÇΓöÇΓöÇΓöÇΓöÇΓöÇΓöÇΓöÇΓöÇΓöÇΓöÇΓöÇΓöÇΓöÇΓöÇΓöÇΓöÇΓöÇΓöÇΓöÇΓöÇΓöÇΓöÇΓöÇΓöÇΓöÇΓöÇΓöÇΓöÇΓöÇΓöÇΓöÇΓöÇΓöÇΓöÇΓöÇΓöÇΓöÇΓöÇΓöÇΓöÇΓöÇ  
   FAILED  Tests\Feature\Helpdesk\TicketTest > create ticket applies project defaults             QueryException   
  SQLSTATE[42S22]: Column not found: 1054 Unknown column 'name' in 'field list' (Connection: mysql, SQL: insert into `helpdesk_ticket_statuses` (`title`, `slug`, `text_color`, `bg_color`, `project_id`, `name`, `updated_at`, `created_at`) values (neque, open, #ffffff, #1982d7, 9, Open, 2026-01-25 05:00:35, 2026-01-25 05:00:35))

  at vendor\laravel\framework\src\Illuminate\Database\Connection.php:826
    822Γûò                     $this->getName(), $query, $this->prepareBindings($bindings), $e
    823Γûò                 );
    824Γûò             }
    825Γûò 
  Γ₧£ 826Γûò             throw new QueryException(
    827Γûò                 $this->getName(), $query, $this->prepareBindings($bindings), $e
    828Γûò             );
    829Γûò         }
    830Γûò     }

  1   vendor\laravel\framework\src\Illuminate\Database\Connection.php:826

  2   vendor\laravel\framework\src\Illuminate\Database\MySqlConnection.php:47
      NunoMaduro\Collision\Exceptions\TestException::("SQLSTATE[42S22]: Column not found: 1054 Unknown column 'name' in 'field list'")

  ΓöÇΓöÇΓöÇΓöÇΓöÇΓöÇΓöÇΓöÇΓöÇΓöÇΓöÇΓöÇΓöÇΓöÇΓöÇΓöÇΓöÇΓöÇΓöÇΓöÇΓöÇΓöÇΓöÇΓöÇΓöÇΓöÇΓöÇΓöÇΓöÇΓöÇΓöÇΓöÇΓöÇΓöÇΓöÇΓöÇΓöÇΓöÇΓöÇΓöÇΓöÇΓöÇΓöÇΓöÇΓöÇΓöÇΓöÇΓöÇΓöÇΓöÇΓöÇΓöÇΓöÇΓöÇΓöÇΓöÇΓöÇΓöÇΓöÇΓöÇΓöÇΓöÇΓöÇΓöÇΓöÇΓöÇΓöÇΓöÇΓöÇΓöÇΓöÇΓöÇΓöÇΓöÇΓöÇΓöÇΓöÇΓöÇΓöÇΓöÇΓöÇΓöÇΓöÇΓöÇΓöÇΓöÇΓöÇΓöÇΓöÇΓöÇΓöÇΓöÇΓöÇΓöÇΓöÇΓöÇΓöÇΓöÇΓöÇΓöÇΓöÇΓöÇΓöÇΓöÇΓöÇΓöÇΓöÇΓöÇΓöÇΓöÇΓöÇ  
   FAILED  Tests\Feature\Helpdesk\TicketTest > create ticket with explicit status priority type   QueryException   
  SQLSTATE[42S22]: Column not found: 1054 Unknown column 'name' in 'field list' (Connection: mysql, SQL: insert into `helpdesk_ticket_statuses` (`title`, `slug`, `text_color`, `bg_color`, `project_id`, `name`, `updated_at`, `created_at`) values (amet, open, #ffffff, #feb980, 10, Open, 2026-01-25 05:00:35, 2026-01-25 05:00:35))

  at vendor\laravel\framework\src\Illuminate\Database\Connection.php:826
    822Γûò                     $this->getName(), $query, $this->prepareBindings($bindings), $e
    823Γûò                 );
    824Γûò             }
    825Γûò 
  Γ₧£ 826Γûò             throw new QueryException(
    827Γûò                 $this->getName(), $query, $this->prepareBindings($bindings), $e
    828Γûò             );
    829Γûò         }
    830Γûò     }

  1   vendor\laravel\framework\src\Illuminate\Database\Connection.php:826

  2   vendor\laravel\framework\src\Illuminate\Database\MySqlConnection.php:47
      NunoMaduro\Collision\Exceptions\TestException::("SQLSTATE[42S22]: Column not found: 1054 Unknown column 'name' in 'field list'")

  ΓöÇΓöÇΓöÇΓöÇΓöÇΓöÇΓöÇΓöÇΓöÇΓöÇΓöÇΓöÇΓöÇΓöÇΓöÇΓöÇΓöÇΓöÇΓöÇΓöÇΓöÇΓöÇΓöÇΓöÇΓöÇΓöÇΓöÇΓöÇΓöÇΓöÇΓöÇΓöÇΓöÇΓöÇΓöÇΓöÇΓöÇΓöÇΓöÇΓöÇΓöÇΓöÇΓöÇΓöÇΓöÇΓöÇΓöÇΓöÇΓöÇΓöÇΓöÇΓöÇΓöÇΓöÇΓöÇΓöÇΓöÇΓöÇΓöÇΓöÇΓöÇΓöÇΓöÇΓöÇΓöÇΓöÇΓöÇΓöÇΓöÇΓöÇΓöÇΓöÇΓöÇΓöÇΓöÇΓöÇΓöÇΓöÇΓöÇΓöÇΓöÇΓöÇΓöÇΓöÇΓöÇΓöÇΓöÇΓöÇΓöÇΓöÇΓöÇΓöÇΓöÇΓöÇΓöÇΓöÇΓöÇΓöÇΓöÇΓöÇΓöÇΓöÇΓöÇΓöÇΓöÇΓöÇΓöÇΓöÇΓöÇΓöÇΓöÇ  
   FAILED  Tests\Feature\Helpdesk\TicketTest > create ticket with assignee                        QueryException   
  SQLSTATE[42S22]: Column not found: 1054 Unknown column 'name' in 'field list' (Connection: mysql, SQL: insert into `helpdesk_ticket_statuses` (`title`, `slug`, `text_color`, `bg_color`, `project_id`, `name`, `updated_at`, `created_at`) values (omnis, open, #ffffff, #eaa660, 11, Open, 2026-01-25 05:00:35, 2026-01-25 05:00:35))

  at vendor\laravel\framework\src\Illuminate\Database\Connection.php:826
    822Γûò                     $this->getName(), $query, $this->prepareBindings($bindings), $e
    823Γûò                 );
    824Γûò             }
    825Γûò 
  Γ₧£ 826Γûò             throw new QueryException(
    827Γûò                 $this->getName(), $query, $this->prepareBindings($bindings), $e
    828Γûò             );
    829Γûò         }
    830Γûò     }

  1   vendor\laravel\framework\src\Illuminate\Database\Connection.php:826

  2   vendor\laravel\framework\src\Illuminate\Database\MySqlConnection.php:47
      NunoMaduro\Collision\Exceptions\TestException::("SQLSTATE[42S22]: Column not found: 1054 Unknown column 'name' in 'field list'")

  ΓöÇΓöÇΓöÇΓöÇΓöÇΓöÇΓöÇΓöÇΓöÇΓöÇΓöÇΓöÇΓöÇΓöÇΓöÇΓöÇΓöÇΓöÇΓöÇΓöÇΓöÇΓöÇΓöÇΓöÇΓöÇΓöÇΓöÇΓöÇΓöÇΓöÇΓöÇΓöÇΓöÇΓöÇΓöÇΓöÇΓöÇΓöÇΓöÇΓöÇΓöÇΓöÇΓöÇΓöÇΓöÇΓöÇΓöÇΓöÇΓöÇΓöÇΓöÇΓöÇΓöÇΓöÇΓöÇΓöÇΓöÇΓöÇΓöÇΓöÇΓöÇΓöÇΓöÇΓöÇΓöÇΓöÇΓöÇΓöÇΓöÇΓöÇΓöÇΓöÇΓöÇΓöÇΓöÇΓöÇΓöÇΓöÇΓöÇΓöÇΓöÇΓöÇΓöÇΓöÇΓöÇΓöÇΓöÇΓöÇΓöÇΓöÇΓöÇΓöÇΓöÇΓöÇΓöÇΓöÇΓöÇΓöÇΓöÇΓöÇΓöÇΓöÇΓöÇΓöÇΓöÇΓöÇΓöÇΓöÇΓöÇΓöÇΓöÇ  
   FAILED  Tests\Feature\Helpdesk\TicketTest > create ticket with custom submitter info           QueryException   
  SQLSTATE[42S22]: Column not found: 1054 Unknown column 'name' in 'field list' (Connection: mysql, SQL: insert into `helpdesk_ticket_statuses` (`title`, `slug`, `text_color`, `bg_color`, `project_id`, `name`, `updated_at`, `created_at`) values (sapiente, open, #ffffff, #5f5952, 12, Open, 2026-01-25 05:00:35, 2026-01-25 05:00:35))

  at vendor\laravel\framework\src\Illuminate\Database\Connection.php:826
    822Γûò                     $this->getName(), $query, $this->prepareBindings($bindings), $e
    823Γûò                 );
    824Γûò             }
    825Γûò 
  Γ₧£ 826Γûò             throw new QueryException(
    827Γûò                 $this->getName(), $query, $this->prepareBindings($bindings), $e
    828Γûò             );
    829Γûò         }
    830Γûò     }

  1   vendor\laravel\framework\src\Illuminate\Database\Connection.php:826

  2   vendor\laravel\framework\src\Illuminate\Database\MySqlConnection.php:47
      NunoMaduro\Collision\Exceptions\TestException::("SQLSTATE[42S22]: Column not found: 1054 Unknown column 'name' in 'field list'")

  ΓöÇΓöÇΓöÇΓöÇΓöÇΓöÇΓöÇΓöÇΓöÇΓöÇΓöÇΓöÇΓöÇΓöÇΓöÇΓöÇΓöÇΓöÇΓöÇΓöÇΓöÇΓöÇΓöÇΓöÇΓöÇΓöÇΓöÇΓöÇΓöÇΓöÇΓöÇΓöÇΓöÇΓöÇΓöÇΓöÇΓöÇΓöÇΓöÇΓöÇΓöÇΓöÇΓöÇΓöÇΓöÇΓöÇΓöÇΓöÇΓöÇΓöÇΓöÇΓöÇΓöÇΓöÇΓöÇΓöÇΓöÇΓöÇΓöÇΓöÇΓöÇΓöÇΓöÇΓöÇΓöÇΓöÇΓöÇΓöÇΓöÇΓöÇΓöÇΓöÇΓöÇΓöÇΓöÇΓöÇΓöÇΓöÇΓöÇΓöÇΓöÇΓöÇΓöÇΓöÇΓöÇΓöÇΓöÇΓöÇΓöÇΓöÇΓöÇΓöÇΓöÇΓöÇΓöÇΓöÇΓöÇΓöÇΓöÇΓöÇΓöÇΓöÇΓöÇΓöÇΓöÇΓöÇΓöÇΓöÇΓöÇΓöÇΓöÇ  
   FAILED  Tests\Feature\Helpdesk\TicketTest > create ticket with submitter user                  QueryException   
  SQLSTATE[42S22]: Column not found: 1054 Unknown column 'name' in 'field list' (Connection: mysql, SQL: insert into `helpdesk_ticket_statuses` (`title`, `slug`, `text_color`, `bg_color`, `project_id`, `name`, `updated_at`, `created_at`) values (veritatis, open, #ffffff, #5593be, 13, Open, 2026-01-25 05:00:35, 2026-01-25 05:00:35))

  at vendor\laravel\framework\src\Illuminate\Database\Connection.php:826
    822Γûò                     $this->getName(), $query, $this->prepareBindings($bindings), $e
    823Γûò                 );
    824Γûò             }
    825Γûò 
  Γ₧£ 826Γûò             throw new QueryException(
    827Γûò                 $this->getName(), $query, $this->prepareBindings($bindings), $e
    828Γûò             );
    829Γûò         }
    830Γûò     }

  1   vendor\laravel\framework\src\Illuminate\Database\Connection.php:826

  2   vendor\laravel\framework\src\Illuminate\Database\MySqlConnection.php:47
      NunoMaduro\Collision\Exceptions\TestException::("SQLSTATE[42S22]: Column not found: 1054 Unknown column 'name' in 'field list'")

  ΓöÇΓöÇΓöÇΓöÇΓöÇΓöÇΓöÇΓöÇΓöÇΓöÇΓöÇΓöÇΓöÇΓöÇΓöÇΓöÇΓöÇΓöÇΓöÇΓöÇΓöÇΓöÇΓöÇΓöÇΓöÇΓöÇΓöÇΓöÇΓöÇΓöÇΓöÇΓöÇΓöÇΓöÇΓöÇΓöÇΓöÇΓöÇΓöÇΓöÇΓöÇΓöÇΓöÇΓöÇΓöÇΓöÇΓöÇΓöÇΓöÇΓöÇΓöÇΓöÇΓöÇΓöÇΓöÇΓöÇΓöÇΓöÇΓöÇΓöÇΓöÇΓöÇΓöÇΓöÇΓöÇΓöÇΓöÇΓöÇΓöÇΓöÇΓöÇΓöÇΓöÇΓöÇΓöÇΓöÇΓöÇΓöÇΓöÇΓöÇΓöÇΓöÇΓöÇΓöÇΓöÇΓöÇΓöÇΓöÇΓöÇΓöÇΓöÇΓöÇΓöÇΓöÇΓöÇΓöÇΓöÇΓöÇΓöÇΓöÇΓöÇΓöÇΓöÇΓöÇΓöÇΓöÇΓöÇΓöÇΓöÇΓöÇΓöÇ  
   FAILED  Tests\Feature\Helpdesk\TicketTest > create ticket with time estimate                   QueryException   
  SQLSTATE[42S22]: Column not found: 1054 Unknown column 'name' in 'field list' (Connection: mysql, SQL: insert into `helpdesk_ticket_statuses` (`title`, `slug`, `text_color`, `bg_color`, `project_id`, `name`, `updated_at`, `created_at`) values (quasi, open, #ffffff, #aaa65c, 14, Open, 2026-01-25 05:00:35, 2026-01-25 05:00:35))

  at vendor\laravel\framework\src\Illuminate\Database\Connection.php:826
    822Γûò                     $this->getName(), $query, $this->prepareBindings($bindings), $e
    823Γûò                 );
    824Γûò             }
    825Γûò 
  Γ₧£ 826Γûò             throw new QueryException(
    827Γûò                 $this->getName(), $query, $this->prepareBindings($bindings), $e
    828Γûò             );
    829Γûò         }
    830Γûò     }

  1   vendor\laravel\framework\src\Illuminate\Database\Connection.php:826

  2   vendor\laravel\framework\src\Illuminate\Database\MySqlConnection.php:47
      NunoMaduro\Collision\Exceptions\TestException::("SQLSTATE[42S22]: Column not found: 1054 Unknown column 'name' in 'field list'")

  ΓöÇΓöÇΓöÇΓöÇΓöÇΓöÇΓöÇΓöÇΓöÇΓöÇΓöÇΓöÇΓöÇΓöÇΓöÇΓöÇΓöÇΓöÇΓöÇΓöÇΓöÇΓöÇΓöÇΓöÇΓöÇΓöÇΓöÇΓöÇΓöÇΓöÇΓöÇΓöÇΓöÇΓöÇΓöÇΓöÇΓöÇΓöÇΓöÇΓöÇΓöÇΓöÇΓöÇΓöÇΓöÇΓöÇΓöÇΓöÇΓöÇΓöÇΓöÇΓöÇΓöÇΓöÇΓöÇΓöÇΓöÇΓöÇΓöÇΓöÇΓöÇΓöÇΓöÇΓöÇΓöÇΓöÇΓöÇΓöÇΓöÇΓöÇΓöÇΓöÇΓöÇΓöÇΓöÇΓöÇΓöÇΓöÇΓöÇΓöÇΓöÇΓöÇΓöÇΓöÇΓöÇΓöÇΓöÇΓöÇΓöÇΓöÇΓöÇΓöÇΓöÇΓöÇΓöÇΓöÇΓöÇΓöÇΓöÇΓöÇΓöÇΓöÇΓöÇΓöÇΓöÇΓöÇΓöÇΓöÇΓöÇΓöÇΓöÇ  
   FAILED  Tests\Feature\Helpdesk\TicketTest > create ticket requires project                     QueryException   
  SQLSTATE[42S22]: Column not found: 1054 Unknown column 'name' in 'field list' (Connection: mysql, SQL: insert into `helpdesk_ticket_statuses` (`title`, `slug`, `text_color`, `bg_color`, `project_id`, `name`, `updated_at`, `created_at`) values (magnam, open, #ffffff, #d5da91, 15, Open, 2026-01-25 05:00:35, 2026-01-25 05:00:35))

  at vendor\laravel\framework\src\Illuminate\Database\Connection.php:826
    822Γûò                     $this->getName(), $query, $this->prepareBindings($bindings), $e
    823Γûò                 );
    824Γûò             }
    825Γûò 
  Γ₧£ 826Γûò             throw new QueryException(
    827Γûò                 $this->getName(), $query, $this->prepareBindings($bindings), $e
    828Γûò             );
    829Γûò         }
    830Γûò     }

  1   vendor\laravel\framework\src\Illuminate\Database\Connection.php:826

  2   vendor\laravel\framework\src\Illuminate\Database\MySqlConnection.php:47
      NunoMaduro\Collision\Exceptions\TestException::("SQLSTATE[42S22]: Column not found: 1054 Unknown column 'name' in 'field list'")

  ΓöÇΓöÇΓöÇΓöÇΓöÇΓöÇΓöÇΓöÇΓöÇΓöÇΓöÇΓöÇΓöÇΓöÇΓöÇΓöÇΓöÇΓöÇΓöÇΓöÇΓöÇΓöÇΓöÇΓöÇΓöÇΓöÇΓöÇΓöÇΓöÇΓöÇΓöÇΓöÇΓöÇΓöÇΓöÇΓöÇΓöÇΓöÇΓöÇΓöÇΓöÇΓöÇΓöÇΓöÇΓöÇΓöÇΓöÇΓöÇΓöÇΓöÇΓöÇΓöÇΓöÇΓöÇΓöÇΓöÇΓöÇΓöÇΓöÇΓöÇΓöÇΓöÇΓöÇΓöÇΓöÇΓöÇΓöÇΓöÇΓöÇΓöÇΓöÇΓöÇΓöÇΓöÇΓöÇΓöÇΓöÇΓöÇΓöÇΓöÇΓöÇΓöÇΓöÇΓöÇΓöÇΓöÇΓöÇΓöÇΓöÇΓöÇΓöÇΓöÇΓöÇΓöÇΓöÇΓöÇΓöÇΓöÇΓöÇΓöÇΓöÇΓöÇΓöÇΓöÇΓöÇΓöÇΓöÇΓöÇΓöÇΓöÇΓöÇ  
   FAILED  Tests\Feature\Helpdesk\TicketTest > create ticket requires title                       QueryException   
  SQLSTATE[42S22]: Column not found: 1054 Unknown column 'name' in 'field list' (Connection: mysql, SQL: insert into `helpdesk_ticket_statuses` (`title`, `slug`, `text_color`, `bg_color`, `project_id`, `name`, `updated_at`, `created_at`) values (aut, open, #ffffff, #34b380, 16, Open, 2026-01-25 05:00:35, 2026-01-25 05:00:35))

  at vendor\laravel\framework\src\Illuminate\Database\Connection.php:826
    822Γûò                     $this->getName(), $query, $this->prepareBindings($bindings), $e
    823Γûò                 );
    824Γûò             }
    825Γûò 
  Γ₧£ 826Γûò             throw new QueryException(
    827Γûò                 $this->getName(), $query, $this->prepareBindings($bindings), $e
    828Γûò             );
    829Γûò         }
    830Γûò     }

  1   vendor\laravel\framework\src\Illuminate\Database\Connection.php:826

  2   vendor\laravel\framework\src\Illuminate\Database\MySqlConnection.php:47
      NunoMaduro\Collision\Exceptions\TestException::("SQLSTATE[42S22]: Column not found: 1054 Unknown column 'name' in 'field list'")

  ΓöÇΓöÇΓöÇΓöÇΓöÇΓöÇΓöÇΓöÇΓöÇΓöÇΓöÇΓöÇΓöÇΓöÇΓöÇΓöÇΓöÇΓöÇΓöÇΓöÇΓöÇΓöÇΓöÇΓöÇΓöÇΓöÇΓöÇΓöÇΓöÇΓöÇΓöÇΓöÇΓöÇΓöÇΓöÇΓöÇΓöÇΓöÇΓöÇΓöÇΓöÇΓöÇΓöÇΓöÇΓöÇΓöÇΓöÇΓöÇΓöÇΓöÇΓöÇΓöÇΓöÇΓöÇΓöÇΓöÇΓöÇΓöÇΓöÇΓöÇΓöÇΓöÇΓöÇΓöÇΓöÇΓöÇΓöÇΓöÇΓöÇΓöÇΓöÇΓöÇΓöÇΓöÇΓöÇΓöÇΓöÇΓöÇΓöÇΓöÇΓöÇΓöÇΓöÇΓöÇΓöÇΓöÇΓöÇΓöÇΓöÇΓöÇΓöÇΓöÇΓöÇΓöÇΓöÇΓöÇΓöÇΓöÇΓöÇΓöÇΓöÇΓöÇΓöÇΓöÇΓöÇΓöÇΓöÇΓöÇΓöÇΓöÇΓöÇ  
   FAILED  Tests\Feature\Helpdesk\TicketTest > create ticket requires content                     QueryException   
  SQLSTATE[42S22]: Column not found: 1054 Unknown column 'name' in 'field list' (Connection: mysql, SQL: insert into `helpdesk_ticket_statuses` (`title`, `slug`, `text_color`, `bg_color`, `project_id`, `name`, `updated_at`, `created_at`) values (sequi, open, #ffffff, #2ba4ff, 17, Open, 2026-01-25 05:00:35, 2026-01-25 05:00:35))

  at vendor\laravel\framework\src\Illuminate\Database\Connection.php:826
    822Γûò                     $this->getName(), $query, $this->prepareBindings($bindings), $e
    823Γûò                 );
    824Γûò             }
    825Γûò 
  Γ₧£ 826Γûò             throw new QueryException(
    827Γûò                 $this->getName(), $query, $this->prepareBindings($bindings), $e
    828Γûò             );
    829Γûò         }
    830Γûò     }

  1   vendor\laravel\framework\src\Illuminate\Database\Connection.php:826

  2   vendor\laravel\framework\src\Illuminate\Database\MySqlConnection.php:47
      NunoMaduro\Collision\Exceptions\TestException::("SQLSTATE[42S22]: Column not found: 1054 Unknown column 'name' in 'field list'")

  ΓöÇΓöÇΓöÇΓöÇΓöÇΓöÇΓöÇΓöÇΓöÇΓöÇΓöÇΓöÇΓöÇΓöÇΓöÇΓöÇΓöÇΓöÇΓöÇΓöÇΓöÇΓöÇΓöÇΓöÇΓöÇΓöÇΓöÇΓöÇΓöÇΓöÇΓöÇΓöÇΓöÇΓöÇΓöÇΓöÇΓöÇΓöÇΓöÇΓöÇΓöÇΓöÇΓöÇΓöÇΓöÇΓöÇΓöÇΓöÇΓöÇΓöÇΓöÇΓöÇΓöÇΓöÇΓöÇΓöÇΓöÇΓöÇΓöÇΓöÇΓöÇΓöÇΓöÇΓöÇΓöÇΓöÇΓöÇΓöÇΓöÇΓöÇΓöÇΓöÇΓöÇΓöÇΓöÇΓöÇΓöÇΓöÇΓöÇΓöÇΓöÇΓöÇΓöÇΓöÇΓöÇΓöÇΓöÇΓöÇΓöÇΓöÇΓöÇΓöÇΓöÇΓöÇΓöÇΓöÇΓöÇΓöÇΓöÇΓöÇΓöÇΓöÇΓöÇΓöÇΓöÇΓöÇΓöÇΓöÇΓöÇΓöÇΓöÇ  
   FAILED  Tests\Feature\Helpdesk\TicketTest > non admin cannot create ticket                     QueryException   
  SQLSTATE[42S22]: Column not found: 1054 Unknown column 'name' in 'field list' (Connection: mysql, SQL: insert into `helpdesk_ticket_statuses` (`title`, `slug`, `text_color`, `bg_color`, `project_id`, `name`, `updated_at`, `created_at`) values (ut, open, #ffffff, #cdce0b, 18, Open, 2026-01-25 05:00:35, 2026-01-25 05:00:35))

  at vendor\laravel\framework\src\Illuminate\Database\Connection.php:826
    822Γûò                     $this->getName(), $query, $this->prepareBindings($bindings), $e
    823Γûò                 );
    824Γûò             }
    825Γûò 
  Γ₧£ 826Γûò             throw new QueryException(
    827Γûò                 $this->getName(), $query, $this->prepareBindings($bindings), $e
    828Γûò             );
    829Γûò         }
    830Γûò     }

  1   vendor\laravel\framework\src\Illuminate\Database\Connection.php:826

  2   vendor\laravel\framework\src\Illuminate\Database\MySqlConnection.php:47
      NunoMaduro\Collision\Exceptions\TestException::("SQLSTATE[42S22]: Column not found: 1054 Unknown column 'name' in 'field list'")

  ΓöÇΓöÇΓöÇΓöÇΓöÇΓöÇΓöÇΓöÇΓöÇΓöÇΓöÇΓöÇΓöÇΓöÇΓöÇΓöÇΓöÇΓöÇΓöÇΓöÇΓöÇΓöÇΓöÇΓöÇΓöÇΓöÇΓöÇΓöÇΓöÇΓöÇΓöÇΓöÇΓöÇΓöÇΓöÇΓöÇΓöÇΓöÇΓöÇΓöÇΓöÇΓöÇΓöÇΓöÇΓöÇΓöÇΓöÇΓöÇΓöÇΓöÇΓöÇΓöÇΓöÇΓöÇΓöÇΓöÇΓöÇΓöÇΓöÇΓöÇΓöÇΓöÇΓöÇΓöÇΓöÇΓöÇΓöÇΓöÇΓöÇΓöÇΓöÇΓöÇΓöÇΓöÇΓöÇΓöÇΓöÇΓöÇΓöÇΓöÇΓöÇΓöÇΓöÇΓöÇΓöÇΓöÇΓöÇΓöÇΓöÇΓöÇΓöÇΓöÇΓöÇΓöÇΓöÇΓöÇΓöÇΓöÇΓöÇΓöÇΓöÇΓöÇΓöÇΓöÇΓöÇΓöÇΓöÇΓöÇΓöÇΓöÇΓöÇ  
   FAILED  Tests\Feature\Helpdesk\TicketTest > admin can view ticket                              QueryException   
  SQLSTATE[42S22]: Column not found: 1054 Unknown column 'name' in 'field list' (Connection: mysql, SQL: insert into `helpdesk_ticket_statuses` (`title`, `slug`, `text_color`, `bg_color`, `project_id`, `name`, `updated_at`, `created_at`) values (quae, open, #ffffff, #bc8493, 19, Open, 2026-01-25 05:00:35, 2026-01-25 05:00:35))

  at vendor\laravel\framework\src\Illuminate\Database\Connection.php:826
    822Γûò                     $this->getName(), $query, $this->prepareBindings($bindings), $e
    823Γûò                 );
    824Γûò             }
    825Γûò 
  Γ₧£ 826Γûò             throw new QueryException(
    827Γûò                 $this->getName(), $query, $this->prepareBindings($bindings), $e
    828Γûò             );
    829Γûò         }
    830Γûò     }

  1   vendor\laravel\framework\src\Illuminate\Database\Connection.php:826

  2   vendor\laravel\framework\src\Illuminate\Database\MySqlConnection.php:47
      NunoMaduro\Collision\Exceptions\TestException::("SQLSTATE[42S22]: Column not found: 1054 Unknown column 'name' in 'field list'")

  ΓöÇΓöÇΓöÇΓöÇΓöÇΓöÇΓöÇΓöÇΓöÇΓöÇΓöÇΓöÇΓöÇΓöÇΓöÇΓöÇΓöÇΓöÇΓöÇΓöÇΓöÇΓöÇΓöÇΓöÇΓöÇΓöÇΓöÇΓöÇΓöÇΓöÇΓöÇΓöÇΓöÇΓöÇΓöÇΓöÇΓöÇΓöÇΓöÇΓöÇΓöÇΓöÇΓöÇΓöÇΓöÇΓöÇΓöÇΓöÇΓöÇΓöÇΓöÇΓöÇΓöÇΓöÇΓöÇΓöÇΓöÇΓöÇΓöÇΓöÇΓöÇΓöÇΓöÇΓöÇΓöÇΓöÇΓöÇΓöÇΓöÇΓöÇΓöÇΓöÇΓöÇΓöÇΓöÇΓöÇΓöÇΓöÇΓöÇΓöÇΓöÇΓöÇΓöÇΓöÇΓöÇΓöÇΓöÇΓöÇΓöÇΓöÇΓöÇΓöÇΓöÇΓöÇΓöÇΓöÇΓöÇΓöÇΓöÇΓöÇΓöÇΓöÇΓöÇΓöÇΓöÇΓöÇΓöÇΓöÇΓöÇΓöÇΓöÇ  
   FAILED  Tests\Feature\Helpdesk\TicketTest > non admin cannot view ticket                       QueryException   
  SQLSTATE[42S22]: Column not found: 1054 Unknown column 'name' in 'field list' (Connection: mysql, SQL: insert into `helpdesk_ticket_statuses` (`title`, `slug`, `text_color`, `bg_color`, `project_id`, `name`, `updated_at`, `created_at`) values (placeat, open, #ffffff, #302f1d, 20, Open, 2026-01-25 05:00:35, 2026-01-25 05:00:35))

  at vendor\laravel\framework\src\Illuminate\Database\Connection.php:826
    822Γûò                     $this->getName(), $query, $this->prepareBindings($bindings), $e
    823Γûò                 );
    824Γûò             }
    825Γûò 
  Γ₧£ 826Γûò             throw new QueryException(
    827Γûò                 $this->getName(), $query, $this->prepareBindings($bindings), $e
    828Γûò             );
    829Γûò         }
    830Γûò     }

  1   vendor\laravel\framework\src\Illuminate\Database\Connection.php:826

  2   vendor\laravel\framework\src\Illuminate\Database\MySqlConnection.php:47
      NunoMaduro\Collision\Exceptions\TestException::("SQLSTATE[42S22]: Column not found: 1054 Unknown column 'name' in 'field list'")

  ΓöÇΓöÇΓöÇΓöÇΓöÇΓöÇΓöÇΓöÇΓöÇΓöÇΓöÇΓöÇΓöÇΓöÇΓöÇΓöÇΓöÇΓöÇΓöÇΓöÇΓöÇΓöÇΓöÇΓöÇΓöÇΓöÇΓöÇΓöÇΓöÇΓöÇΓöÇΓöÇΓöÇΓöÇΓöÇΓöÇΓöÇΓöÇΓöÇΓöÇΓöÇΓöÇΓöÇΓöÇΓöÇΓöÇΓöÇΓöÇΓöÇΓöÇΓöÇΓöÇΓöÇΓöÇΓöÇΓöÇΓöÇΓöÇΓöÇΓöÇΓöÇΓöÇΓöÇΓöÇΓöÇΓöÇΓöÇΓöÇΓöÇΓöÇΓöÇΓöÇΓöÇΓöÇΓöÇΓöÇΓöÇΓöÇΓöÇΓöÇΓöÇΓöÇΓöÇΓöÇΓöÇΓöÇΓöÇΓöÇΓöÇΓöÇΓöÇΓöÇΓöÇΓöÇΓöÇΓöÇΓöÇΓöÇΓöÇΓöÇΓöÇΓöÇΓöÇΓöÇΓöÇΓöÇΓöÇΓöÇΓöÇΓöÇΓöÇ  
   FAILED  Tests\Feature\Helpdesk\TicketTest > view nonexistent ticket returns 404                QueryException   
  SQLSTATE[42S22]: Column not found: 1054 Unknown column 'name' in 'field list' (Connection: mysql, SQL: insert into `helpdesk_ticket_statuses` (`title`, `slug`, `text_color`, `bg_color`, `project_id`, `name`, `updated_at`, `created_at`) values (est, open, #ffffff, #7ffa15, 21, Open, 2026-01-25 05:00:35, 2026-01-25 05:00:35))

  at vendor\laravel\framework\src\Illuminate\Database\Connection.php:826
    822Γûò                     $this->getName(), $query, $this->prepareBindings($bindings), $e
    823Γûò                 );
    824Γûò             }
    825Γûò 
  Γ₧£ 826Γûò             throw new QueryException(
    827Γûò                 $this->getName(), $query, $this->prepareBindings($bindings), $e
    828Γûò             );
    829Γûò         }
    830Γûò     }

  1   vendor\laravel\framework\src\Illuminate\Database\Connection.php:826

  2   vendor\laravel\framework\src\Illuminate\Database\MySqlConnection.php:47
      NunoMaduro\Collision\Exceptions\TestException::("SQLSTATE[42S22]: Column not found: 1054 Unknown column 'name' in 'field list'")

  ΓöÇΓöÇΓöÇΓöÇΓöÇΓöÇΓöÇΓöÇΓöÇΓöÇΓöÇΓöÇΓöÇΓöÇΓöÇΓöÇΓöÇΓöÇΓöÇΓöÇΓöÇΓöÇΓöÇΓöÇΓöÇΓöÇΓöÇΓöÇΓöÇΓöÇΓöÇΓöÇΓöÇΓöÇΓöÇΓöÇΓöÇΓöÇΓöÇΓöÇΓöÇΓöÇΓöÇΓöÇΓöÇΓöÇΓöÇΓöÇΓöÇΓöÇΓöÇΓöÇΓöÇΓöÇΓöÇΓöÇΓöÇΓöÇΓöÇΓöÇΓöÇΓöÇΓöÇΓöÇΓöÇΓöÇΓöÇΓöÇΓöÇΓöÇΓöÇΓöÇΓöÇΓöÇΓöÇΓöÇΓöÇΓöÇΓöÇΓöÇΓöÇΓöÇΓöÇΓöÇΓöÇΓöÇΓöÇΓöÇΓöÇΓöÇΓöÇΓöÇΓöÇΓöÇΓöÇΓöÇΓöÇΓöÇΓöÇΓöÇΓöÇΓöÇΓöÇΓöÇΓöÇΓöÇΓöÇΓöÇΓöÇΓöÇΓöÇ  
   FAILED  Tests\Feature\Helpdesk\TicketTest > admin can update ticket                            QueryException   
  SQLSTATE[42S22]: Column not found: 1054 Unknown column 'name' in 'field list' (Connection: mysql, SQL: insert into `helpdesk_ticket_statuses` (`title`, `slug`, `text_color`, `bg_color`, `project_id`, `name`, `updated_at`, `created_at`) values (expedita, open, #ffffff, #15d3b4, 22, Open, 2026-01-25 05:00:35, 2026-01-25 05:00:35))

  at vendor\laravel\framework\src\Illuminate\Database\Connection.php:826
    822Γûò                     $this->getName(), $query, $this->prepareBindings($bindings), $e
    823Γûò                 );
    824Γûò             }
    825Γûò 
  Γ₧£ 826Γûò             throw new QueryException(
    827Γûò                 $this->getName(), $query, $this->prepareBindings($bindings), $e
    828Γûò             );
    829Γûò         }
    830Γûò     }

  1   vendor\laravel\framework\src\Illuminate\Database\Connection.php:826

  2   vendor\laravel\framework\src\Illuminate\Database\MySqlConnection.php:47
      NunoMaduro\Collision\Exceptions\TestException::("SQLSTATE[42S22]: Column not found: 1054 Unknown column 'name' in 'field list'")

  ΓöÇΓöÇΓöÇΓöÇΓöÇΓöÇΓöÇΓöÇΓöÇΓöÇΓöÇΓöÇΓöÇΓöÇΓöÇΓöÇΓöÇΓöÇΓöÇΓöÇΓöÇΓöÇΓöÇΓöÇΓöÇΓöÇΓöÇΓöÇΓöÇΓöÇΓöÇΓöÇΓöÇΓöÇΓöÇΓöÇΓöÇΓöÇΓöÇΓöÇΓöÇΓöÇΓöÇΓöÇΓöÇΓöÇΓöÇΓöÇΓöÇΓöÇΓöÇΓöÇΓöÇΓöÇΓöÇΓöÇΓöÇΓöÇΓöÇΓöÇΓöÇΓöÇΓöÇΓöÇΓöÇΓöÇΓöÇΓöÇΓöÇΓöÇΓöÇΓöÇΓöÇΓöÇΓöÇΓöÇΓöÇΓöÇΓöÇΓöÇΓöÇΓöÇΓöÇΓöÇΓöÇΓöÇΓöÇΓöÇΓöÇΓöÇΓöÇΓöÇΓöÇΓöÇΓöÇΓöÇΓöÇΓöÇΓöÇΓöÇΓöÇΓöÇΓöÇΓöÇΓöÇΓöÇΓöÇΓöÇΓöÇΓöÇΓöÇ  
   FAILED  Tests\Feature\Helpdesk\TicketTest > update ticket status logs activity                 QueryException   
  SQLSTATE[42S22]: Column not found: 1054 Unknown column 'name' in 'field list' (Connection: mysql, SQL: insert into `helpdesk_ticket_statuses` (`title`, `slug`, `text_color`, `bg_color`, `project_id`, `name`, `updated_at`, `created_at`) values (repellat, open, #ffffff, #d6546b, 23, Open, 2026-01-25 05:00:35, 2026-01-25 05:00:35))

  at vendor\laravel\framework\src\Illuminate\Database\Connection.php:826
    822Γûò                     $this->getName(), $query, $this->prepareBindings($bindings), $e
    823Γûò                 );
    824Γûò             }
    825Γûò 
  Γ₧£ 826Γûò             throw new QueryException(
    827Γûò                 $this->getName(), $query, $this->prepareBindings($bindings), $e
    828Γûò             );
    829Γûò         }
    830Γûò     }

  1   vendor\laravel\framework\src\Illuminate\Database\Connection.php:826

  2   vendor\laravel\framework\src\Illuminate\Database\MySqlConnection.php:47
      NunoMaduro\Collision\Exceptions\TestException::("SQLSTATE[42S22]: Column not found: 1054 Unknown column 'name' in 'field list'")

  ΓöÇΓöÇΓöÇΓöÇΓöÇΓöÇΓöÇΓöÇΓöÇΓöÇΓöÇΓöÇΓöÇΓöÇΓöÇΓöÇΓöÇΓöÇΓöÇΓöÇΓöÇΓöÇΓöÇΓöÇΓöÇΓöÇΓöÇΓöÇΓöÇΓöÇΓöÇΓöÇΓöÇΓöÇΓöÇΓöÇΓöÇΓöÇΓöÇΓöÇΓöÇΓöÇΓöÇΓöÇΓöÇΓöÇΓöÇΓöÇΓöÇΓöÇΓöÇΓöÇΓöÇΓöÇΓöÇΓöÇΓöÇΓöÇΓöÇΓöÇΓöÇΓöÇΓöÇΓöÇΓöÇΓöÇΓöÇΓöÇΓöÇΓöÇΓöÇΓöÇΓöÇΓöÇΓöÇΓöÇΓöÇΓöÇΓöÇΓöÇΓöÇΓöÇΓöÇΓöÇΓöÇΓöÇΓöÇΓöÇΓöÇΓöÇΓöÇΓöÇΓöÇΓöÇΓöÇΓöÇΓöÇΓöÇΓöÇΓöÇΓöÇΓöÇΓöÇΓöÇΓöÇΓöÇΓöÇΓöÇΓöÇΓöÇΓöÇ  
   FAILED  Tests\Feature\Helpdesk\TicketTest > update ticket assignee logs activity               QueryException   
  SQLSTATE[42S22]: Column not found: 1054 Unknown column 'name' in 'field list' (Connection: mysql, SQL: insert into `helpdesk_ticket_statuses` (`title`, `slug`, `text_color`, `bg_color`, `project_id`, `name`, `updated_at`, `created_at`) values (asperiores, open, #ffffff, #fa7a4f, 24, Open, 2026-01-25 05:00:35, 2026-01-25 05:00:35))

  at vendor\laravel\framework\src\Illuminate\Database\Connection.php:826
    822Γûò                     $this->getName(), $query, $this->prepareBindings($bindings), $e
    823Γûò                 );
    824Γûò             }
    825Γûò 
  Γ₧£ 826Γûò             throw new QueryException(
    827Γûò                 $this->getName(), $query, $this->prepareBindings($bindings), $e
    828Γûò             );
    829Γûò         }
    830Γûò     }

  1   vendor\laravel\framework\src\Illuminate\Database\Connection.php:826

  2   vendor\laravel\framework\src\Illuminate\Database\MySqlConnection.php:47
      NunoMaduro\Collision\Exceptions\TestException::("SQLSTATE[42S22]: Column not found: 1054 Unknown column 'name' in 'field list'")

  ΓöÇΓöÇΓöÇΓöÇΓöÇΓöÇΓöÇΓöÇΓöÇΓöÇΓöÇΓöÇΓöÇΓöÇΓöÇΓöÇΓöÇΓöÇΓöÇΓöÇΓöÇΓöÇΓöÇΓöÇΓöÇΓöÇΓöÇΓöÇΓöÇΓöÇΓöÇΓöÇΓöÇΓöÇΓöÇΓöÇΓöÇΓöÇΓöÇΓöÇΓöÇΓöÇΓöÇΓöÇΓöÇΓöÇΓöÇΓöÇΓöÇΓöÇΓöÇΓöÇΓöÇΓöÇΓöÇΓöÇΓöÇΓöÇΓöÇΓöÇΓöÇΓöÇΓöÇΓöÇΓöÇΓöÇΓöÇΓöÇΓöÇΓöÇΓöÇΓöÇΓöÇΓöÇΓöÇΓöÇΓöÇΓöÇΓöÇΓöÇΓöÇΓöÇΓöÇΓöÇΓöÇΓöÇΓöÇΓöÇΓöÇΓöÇΓöÇΓöÇΓöÇΓöÇΓöÇΓöÇΓöÇΓöÇΓöÇΓöÇΓöÇΓöÇΓöÇΓöÇΓöÇΓöÇΓöÇΓöÇΓöÇΓöÇΓöÇ  
   FAILED  Tests\Feature\Helpdesk\TicketTest > update ticket priority                             QueryException   
  SQLSTATE[42S22]: Column not found: 1054 Unknown column 'name' in 'field list' (Connection: mysql, SQL: insert into `helpdesk_ticket_statuses` (`title`, `slug`, `text_color`, `bg_color`, `project_id`, `name`, `updated_at`, `created_at`) values (autem, open, #ffffff, #f4c5b4, 25, Open, 2026-01-25 05:00:35, 2026-01-25 05:00:35))

  at vendor\laravel\framework\src\Illuminate\Database\Connection.php:826
    822Γûò                     $this->getName(), $query, $this->prepareBindings($bindings), $e
    823Γûò                 );
    824Γûò             }
    825Γûò 
  Γ₧£ 826Γûò             throw new QueryException(
    827Γûò                 $this->getName(), $query, $this->prepareBindings($bindings), $e
    828Γûò             );
    829Γûò         }
    830Γûò     }

  1   vendor\laravel\framework\src\Illuminate\Database\Connection.php:826

  2   vendor\laravel\framework\src\Illuminate\Database\MySqlConnection.php:47
      NunoMaduro\Collision\Exceptions\TestException::("SQLSTATE[42S22]: Column not found: 1054 Unknown column 'name' in 'field list'")

  ΓöÇΓöÇΓöÇΓöÇΓöÇΓöÇΓöÇΓöÇΓöÇΓöÇΓöÇΓöÇΓöÇΓöÇΓöÇΓöÇΓöÇΓöÇΓöÇΓöÇΓöÇΓöÇΓöÇΓöÇΓöÇΓöÇΓöÇΓöÇΓöÇΓöÇΓöÇΓöÇΓöÇΓöÇΓöÇΓöÇΓöÇΓöÇΓöÇΓöÇΓöÇΓöÇΓöÇΓöÇΓöÇΓöÇΓöÇΓöÇΓöÇΓöÇΓöÇΓöÇΓöÇΓöÇΓöÇΓöÇΓöÇΓöÇΓöÇΓöÇΓöÇΓöÇΓöÇΓöÇΓöÇΓöÇΓöÇΓöÇΓöÇΓöÇΓöÇΓöÇΓöÇΓöÇΓöÇΓöÇΓöÇΓöÇΓöÇΓöÇΓöÇΓöÇΓöÇΓöÇΓöÇΓöÇΓöÇΓöÇΓöÇΓöÇΓöÇΓöÇΓöÇΓöÇΓöÇΓöÇΓöÇΓöÇΓöÇΓöÇΓöÇΓöÇΓöÇΓöÇΓöÇΓöÇΓöÇΓöÇΓöÇΓöÇΓöÇ  
   FAILED  Tests\Feature\Helpdesk\TicketTest > update ticket with time estimate                   QueryException   
  SQLSTATE[42S22]: Column not found: 1054 Unknown column 'name' in 'field list' (Connection: mysql, SQL: insert into `helpdesk_ticket_statuses` (`title`, `slug`, `text_color`, `bg_color`, `project_id`, `name`, `updated_at`, `created_at`) values (aut, open, #ffffff, #2c1a98, 26, Open, 2026-01-25 05:00:35, 2026-01-25 05:00:35))

  at vendor\laravel\framework\src\Illuminate\Database\Connection.php:826
    822Γûò                     $this->getName(), $query, $this->prepareBindings($bindings), $e
    823Γûò                 );
    824Γûò             }
    825Γûò 
  Γ₧£ 826Γûò             throw new QueryException(
    827Γûò                 $this->getName(), $query, $this->prepareBindings($bindings), $e
    828Γûò             );
    829Γûò         }
    830Γûò     }

  1   vendor\laravel\framework\src\Illuminate\Database\Connection.php:826

  2   vendor\laravel\framework\src\Illuminate\Database\MySqlConnection.php:47
      NunoMaduro\Collision\Exceptions\TestException::("SQLSTATE[42S22]: Column not found: 1054 Unknown column 'name' in 'field list'")

  ΓöÇΓöÇΓöÇΓöÇΓöÇΓöÇΓöÇΓöÇΓöÇΓöÇΓöÇΓöÇΓöÇΓöÇΓöÇΓöÇΓöÇΓöÇΓöÇΓöÇΓöÇΓöÇΓöÇΓöÇΓöÇΓöÇΓöÇΓöÇΓöÇΓöÇΓöÇΓöÇΓöÇΓöÇΓöÇΓöÇΓöÇΓöÇΓöÇΓöÇΓöÇΓöÇΓöÇΓöÇΓöÇΓöÇΓöÇΓöÇΓöÇΓöÇΓöÇΓöÇΓöÇΓöÇΓöÇΓöÇΓöÇΓöÇΓöÇΓöÇΓöÇΓöÇΓöÇΓöÇΓöÇΓöÇΓöÇΓöÇΓöÇΓöÇΓöÇΓöÇΓöÇΓöÇΓöÇΓöÇΓöÇΓöÇΓöÇΓöÇΓöÇΓöÇΓöÇΓöÇΓöÇΓöÇΓöÇΓöÇΓöÇΓöÇΓöÇΓöÇΓöÇΓöÇΓöÇΓöÇΓöÇΓöÇΓöÇΓöÇΓöÇΓöÇΓöÇΓöÇΓöÇΓöÇΓöÇΓöÇΓöÇΓöÇΓöÇ  
   FAILED  Tests\Feature\Helpdesk\TicketTest > non admin cannot update ticket                     QueryException   
  SQLSTATE[42S22]: Column not found: 1054 Unknown column 'name' in 'field list' (Connection: mysql, SQL: insert into `helpdesk_ticket_statuses` (`title`, `slug`, `text_color`, `bg_color`, `project_id`, `name`, `updated_at`, `created_at`) values (voluptatem, open, #ffffff, #78a4a8, 27, Open, 2026-01-25 05:00:35, 2026-01-25 05:00:35))

  at vendor\laravel\framework\src\Illuminate\Database\Connection.php:826
    822Γûò                     $this->getName(), $query, $this->prepareBindings($bindings), $e
    823Γûò                 );
    824Γûò             }
    825Γûò 
  Γ₧£ 826Γûò             throw new QueryException(
    827Γûò                 $this->getName(), $query, $this->prepareBindings($bindings), $e
    828Γûò             );
    829Γûò         }
    830Γûò     }

  1   vendor\laravel\framework\src\Illuminate\Database\Connection.php:826

  2   vendor\laravel\framework\src\Illuminate\Database\MySqlConnection.php:47
      NunoMaduro\Collision\Exceptions\TestException::("SQLSTATE[42S22]: Column not found: 1054 Unknown column 'name' in 'field list'")

  ΓöÇΓöÇΓöÇΓöÇΓöÇΓöÇΓöÇΓöÇΓöÇΓöÇΓöÇΓöÇΓöÇΓöÇΓöÇΓöÇΓöÇΓöÇΓöÇΓöÇΓöÇΓöÇΓöÇΓöÇΓöÇΓöÇΓöÇΓöÇΓöÇΓöÇΓöÇΓöÇΓöÇΓöÇΓöÇΓöÇΓöÇΓöÇΓöÇΓöÇΓöÇΓöÇΓöÇΓöÇΓöÇΓöÇΓöÇΓöÇΓöÇΓöÇΓöÇΓöÇΓöÇΓöÇΓöÇΓöÇΓöÇΓöÇΓöÇΓöÇΓöÇΓöÇΓöÇΓöÇΓöÇΓöÇΓöÇΓöÇΓöÇΓöÇΓöÇΓöÇΓöÇΓöÇΓöÇΓöÇΓöÇΓöÇΓöÇΓöÇΓöÇΓöÇΓöÇΓöÇΓöÇΓöÇΓöÇΓöÇΓöÇΓöÇΓöÇΓöÇΓöÇΓöÇΓöÇΓöÇΓöÇΓöÇΓöÇΓöÇΓöÇΓöÇΓöÇΓöÇΓöÇΓöÇΓöÇΓöÇΓöÇΓöÇΓöÇ  
   FAILED  Tests\Feature\Helpdesk\TicketTest > admin can delete ticket                            QueryException   
  SQLSTATE[42S22]: Column not found: 1054 Unknown column 'name' in 'field list' (Connection: mysql, SQL: insert into `helpdesk_ticket_statuses` (`title`, `slug`, `text_color`, `bg_color`, `project_id`, `name`, `updated_at`, `created_at`) values (libero, open, #ffffff, #d93464, 28, Open, 2026-01-25 05:00:35, 2026-01-25 05:00:35))

  at vendor\laravel\framework\src\Illuminate\Database\Connection.php:826
    822Γûò                     $this->getName(), $query, $this->prepareBindings($bindings), $e
    823Γûò                 );
    824Γûò             }
    825Γûò 
  Γ₧£ 826Γûò             throw new QueryException(
    827Γûò                 $this->getName(), $query, $this->prepareBindings($bindings), $e
    828Γûò             );
    829Γûò         }
    830Γûò     }

  1   vendor\laravel\framework\src\Illuminate\Database\Connection.php:826

  2   vendor\laravel\framework\src\Illuminate\Database\MySqlConnection.php:47
      NunoMaduro\Collision\Exceptions\TestException::("SQLSTATE[42S22]: Column not found: 1054 Unknown column 'name' in 'field list'")

  ΓöÇΓöÇΓöÇΓöÇΓöÇΓöÇΓöÇΓöÇΓöÇΓöÇΓöÇΓöÇΓöÇΓöÇΓöÇΓöÇΓöÇΓöÇΓöÇΓöÇΓöÇΓöÇΓöÇΓöÇΓöÇΓöÇΓöÇΓöÇΓöÇΓöÇΓöÇΓöÇΓöÇΓöÇΓöÇΓöÇΓöÇΓöÇΓöÇΓöÇΓöÇΓöÇΓöÇΓöÇΓöÇΓöÇΓöÇΓöÇΓöÇΓöÇΓöÇΓöÇΓöÇΓöÇΓöÇΓöÇΓöÇΓöÇΓöÇΓöÇΓöÇΓöÇΓöÇΓöÇΓöÇΓöÇΓöÇΓöÇΓöÇΓöÇΓöÇΓöÇΓöÇΓöÇΓöÇΓöÇΓöÇΓöÇΓöÇΓöÇΓöÇΓöÇΓöÇΓöÇΓöÇΓöÇΓöÇΓöÇΓöÇΓöÇΓöÇΓöÇΓöÇΓöÇΓöÇΓöÇΓöÇΓöÇΓöÇΓöÇΓöÇΓöÇΓöÇΓöÇΓöÇΓöÇΓöÇΓöÇΓöÇΓöÇΓöÇ  
   FAILED  Tests\Feature\Helpdesk\TicketTest > non admin cannot delete ticket                     QueryException   
  SQLSTATE[42S22]: Column not found: 1054 Unknown column 'name' in 'field list' (Connection: mysql, SQL: insert into `helpdesk_ticket_statuses` (`title`, `slug`, `text_color`, `bg_color`, `project_id`, `name`, `updated_at`, `created_at`) values (ex, open, #ffffff, #e6c6fb, 29, Open, 2026-01-25 05:00:36, 2026-01-25 05:00:36))

  at vendor\laravel\framework\src\Illuminate\Database\Connection.php:826
    822Γûò                     $this->getName(), $query, $this->prepareBindings($bindings), $e
    823Γûò                 );
    824Γûò             }
    825Γûò 
  Γ₧£ 826Γûò             throw new QueryException(
    827Γûò                 $this->getName(), $query, $this->prepareBindings($bindings), $e
    828Γûò             );
    829Γûò         }
    830Γûò     }

  1   vendor\laravel\framework\src\Illuminate\Database\Connection.php:826

  2   vendor\laravel\framework\src\Illuminate\Database\MySqlConnection.php:47
      NunoMaduro\Collision\Exceptions\TestException::("SQLSTATE[42S22]: Column not found: 1054 Unknown column 'name' in 'field list'")

  ΓöÇΓöÇΓöÇΓöÇΓöÇΓöÇΓöÇΓöÇΓöÇΓöÇΓöÇΓöÇΓöÇΓöÇΓöÇΓöÇΓöÇΓöÇΓöÇΓöÇΓöÇΓöÇΓöÇΓöÇΓöÇΓöÇΓöÇΓöÇΓöÇΓöÇΓöÇΓöÇΓöÇΓöÇΓöÇΓöÇΓöÇΓöÇΓöÇΓöÇΓöÇΓöÇΓöÇΓöÇΓöÇΓöÇΓöÇΓöÇΓöÇΓöÇΓöÇΓöÇΓöÇΓöÇΓöÇΓöÇΓöÇΓöÇΓöÇΓöÇΓöÇΓöÇΓöÇΓöÇΓöÇΓöÇΓöÇΓöÇΓöÇΓöÇΓöÇΓöÇΓöÇΓöÇΓöÇΓöÇΓöÇΓöÇΓöÇΓöÇΓöÇΓöÇΓöÇΓöÇΓöÇΓöÇΓöÇΓöÇΓöÇΓöÇΓöÇΓöÇΓöÇΓöÇΓöÇΓöÇΓöÇΓöÇΓöÇΓöÇΓöÇΓöÇΓöÇΓöÇΓöÇΓöÇΓöÇΓöÇΓöÇΓöÇΓöÇ  
   FAILED  Tests\Feature\Helpdesk\TicketTest > tickets pagination                                 QueryException   
  SQLSTATE[42S22]: Column not found: 1054 Unknown column 'name' in 'field list' (Connection: mysql, SQL: insert into `helpdesk_ticket_statuses` (`title`, `slug`, `text_color`, `bg_color`, `project_id`, `name`, `updated_at`, `created_at`) values (aperiam, open, #ffffff, #398ff9, 30, Open, 2026-01-25 05:00:36, 2026-01-25 05:00:36))

  at vendor\laravel\framework\src\Illuminate\Database\Connection.php:826
    822Γûò                     $this->getName(), $query, $this->prepareBindings($bindings), $e
    823Γûò                 );
    824Γûò             }
    825Γûò 
  Γ₧£ 826Γûò             throw new QueryException(
    827Γûò                 $this->getName(), $query, $this->prepareBindings($bindings), $e
    828Γûò             );
    829Γûò         }
    830Γûò     }

  1   vendor\laravel\framework\src\Illuminate\Database\Connection.php:826

  2   vendor\laravel\framework\src\Illuminate\Database\MySqlConnection.php:47
      NunoMaduro\Collision\Exceptions\TestException::("SQLSTATE[42S22]: Column not found: 1054 Unknown column 'name' in 'field list'")

  ΓöÇΓöÇΓöÇΓöÇΓöÇΓöÇΓöÇΓöÇΓöÇΓöÇΓöÇΓöÇΓöÇΓöÇΓöÇΓöÇΓöÇΓöÇΓöÇΓöÇΓöÇΓöÇΓöÇΓöÇΓöÇΓöÇΓöÇΓöÇΓöÇΓöÇΓöÇΓöÇΓöÇΓöÇΓöÇΓöÇΓöÇΓöÇΓöÇΓöÇΓöÇΓöÇΓöÇΓöÇΓöÇΓöÇΓöÇΓöÇΓöÇΓöÇΓöÇΓöÇΓöÇΓöÇΓöÇΓöÇΓöÇΓöÇΓöÇΓöÇΓöÇΓöÇΓöÇΓöÇΓöÇΓöÇΓöÇΓöÇΓöÇΓöÇΓöÇΓöÇΓöÇΓöÇΓöÇΓöÇΓöÇΓöÇΓöÇΓöÇΓöÇΓöÇΓöÇΓöÇΓöÇΓöÇΓöÇΓöÇΓöÇΓöÇΓöÇΓöÇΓöÇΓöÇΓöÇΓöÇΓöÇΓöÇΓöÇΓöÇΓöÇΓöÇΓöÇΓöÇΓöÇΓöÇΓöÇΓöÇΓöÇΓöÇΓöÇ  
   FAILED  Tests\Feature\Helpdesk\TicketTest > ticket number is unique per project                QueryException   
  SQLSTATE[42S22]: Column not found: 1054 Unknown column 'name' in 'field list' (Connection: mysql, SQL: insert into `helpdesk_ticket_statuses` (`title`, `slug`, `text_color`, `bg_color`, `project_id`, `name`, `updated_at`, `created_at`) values (ad, open, #ffffff, #cac8e8, 31, Open, 2026-01-25 05:00:36, 2026-01-25 05:00:36))

  at vendor\laravel\framework\src\Illuminate\Database\Connection.php:826
    822Γûò                     $this->getName(), $query, $this->prepareBindings($bindings), $e
    823Γûò                 );
    824Γûò             }
    825Γûò 
  Γ₧£ 826Γûò             throw new QueryException(
    827Γûò                 $this->getName(), $query, $this->prepareBindings($bindings), $e
    828Γûò             );
    829Γûò         }
    830Γûò     }

  1   vendor\laravel\framework\src\Illuminate\Database\Connection.php:826

  2   vendor\laravel\framework\src\Illuminate\Database\MySqlConnection.php:47
      NunoMaduro\Collision\Exceptions\TestException::("SQLSTATE[42S22]: Column not found: 1054 Unknown column 'name' in 'field list'")

  ΓöÇΓöÇΓöÇΓöÇΓöÇΓöÇΓöÇΓöÇΓöÇΓöÇΓöÇΓöÇΓöÇΓöÇΓöÇΓöÇΓöÇΓöÇΓöÇΓöÇΓöÇΓöÇΓöÇΓöÇΓöÇΓöÇΓöÇΓöÇΓöÇΓöÇΓöÇΓöÇΓöÇΓöÇΓöÇΓöÇΓöÇΓöÇΓöÇΓöÇΓöÇΓöÇΓöÇΓöÇΓöÇΓöÇΓöÇΓöÇΓöÇΓöÇΓöÇΓöÇΓöÇΓöÇΓöÇΓöÇΓöÇΓöÇΓöÇΓöÇΓöÇΓöÇΓöÇΓöÇΓöÇΓöÇΓöÇΓöÇΓöÇΓöÇΓöÇΓöÇΓöÇΓöÇΓöÇΓöÇΓöÇΓöÇΓöÇΓöÇΓöÇΓöÇΓöÇΓöÇΓöÇΓöÇΓöÇΓöÇΓöÇΓöÇΓöÇΓöÇΓöÇΓöÇΓöÇΓöÇΓöÇΓöÇΓöÇΓöÇΓöÇΓöÇΓöÇΓöÇΓöÇΓöÇΓöÇΓöÇΓöÇΓöÇΓöÇ  
   FAILED  Tests\Feature\Helpdesk\TicketTest > ticket uses current user as default submitter      QueryException   
  SQLSTATE[42S22]: Column not found: 1054 Unknown column 'name' in 'field list' (Connection: mysql, SQL: insert into `helpdesk_ticket_statuses` (`title`, `slug`, `text_color`, `bg_color`, `project_id`, `name`, `updated_at`, `created_at`) values (iure, open, #ffffff, #deb62f, 32, Open, 2026-01-25 05:00:36, 2026-01-25 05:00:36))

  at vendor\laravel\framework\src\Illuminate\Database\Connection.php:826
    822Γûò                     $this->getName(), $query, $this->prepareBindings($bindings), $e
    823Γûò                 );
    824Γûò             }
    825Γûò 
  Γ₧£ 826Γûò             throw new QueryException(
    827Γûò                 $this->getName(), $query, $this->prepareBindings($bindings), $e
    828Γûò             );
    829Γûò         }
    830Γûò     }

  1   vendor\laravel\framework\src\Illuminate\Database\Connection.php:826

  2   vendor\laravel\framework\src\Illuminate\Database\MySqlConnection.php:47
      NunoMaduro\Collision\Exceptions\TestException::("SQLSTATE[42S22]: Column not found: 1054 Unknown column 'name' in 'field list'")


  Tests:    32 failed (0 assertions)
  Duration: 9.94s

